サッカー日本代表 MF 香川真司 [[香川真司]] や アンドレ・シュールレ は ベンチスタート と なっ て いる 。
ブンデスリーガ 第 20節 の 試合 が 行わ れ 、 ドルトムント [[ドルトムント]] は ダルムシュタット [[ダルムシュタット]] と 対戦 。
サッカー日本代表 MF 香川真司 [[香川真司]] は チーム 2点 目 を 決める など 、 勝利 に 貢献 し た 。
サッカー日本代表 で ボルシア・ドルトムント [[ドルトムント]] の 香川 [[香川真司]] 選手 が 12月31日 、 年越し うどん [[うどん]] を 食べる 自身 の 姿 を インスタグラム に 公開 し た 。
香川県 [[香川県]] の 「 食 」 と いえ ば 「 讃岐うどん 」 。
何しろ 「 うどん県 [[香川県]] 」 を 名乗る くらい だ から 、 全国的 に も 圧倒的 な 知名度 だ 。
しかし 、 県 の 観光 プロモーション の キャッチフレーズ は 「 うどん県 [[香川県]] 。 それだけ じゃ ない 」 。
つまり 、 うどん 以外 の 名産 品 を もっと 広く 浸透 さ せる の が 課題 な の だ 。
今回 も 参加 し て 、 美味 を 見つけ た 。